
-------------------------------------------------------------------------------------------
将本地项目文件上传至远程github
1.项目文件夹下gitbase下git init
2.git checkout -b 分支名   //创建分支并切换至当前分支
3.git remote add origin https://github.com/hjapp/t.git //关联远程
4.git add .
5.git commit -m 'xxxx'
6.git push
git push --set-upstream origin collect-all-http-request
--------------------------------------------------------------------------------------------
配置Git
　1. 打开你要放置项目的本地路径，右键选择$ Git Bash Here。
　2. 初始化用户名：$ git config --global user.name "用户名"   用户名修改为自己的用户名。
　3. 初始化邮箱：$ git config --global user.email "邮箱地址"。
　　注：如果用户名或邮箱输入错误需要重置，使用以下命令修改：
　　　　$ git config --global --replace-all user.name "用户名"  
　　　　$ git config --global --replace-all user.email "邮箱地址"
2. 生成公钥，命令行中输入$ssh-keygen -t rsa -C "邮箱" 会在C:\Users\Administrator\.ssh 目录下
将id_rsa.pub内容复制粘贴至->公钥框里
以码云为例：在项目页打开管理 → 公钥管理 → 添加公钥

4. Clone项目：
　找到项目的SSH地址，命令行输入 $ git clone "SSH地址"，完毕之后项目将会被Clone至选择的目录下。
5. Clone代码：
　如果需要Clone某个分支，命令行输入$ git clone -b "分支名" "仓库地址名" 即可。
=============================================================================================



#git  
#git config --global user.name "fanghj"
#git config --global user.email "fanghoujun@126.com"

下载代码
$ git clone git://github.com/schacon/grit.git [自定义名称可省]

#git config --global --list 查看全局配置信息

初始化一个git仓库
#git init
#git add <filename> 可多次执行多次添加文件至
#git add file1 file2

#git commit -m "提交备注" 提交至本地库

#git status  查看工作区状态
#git diff filename 文件比较

查看提交历史
#git log
#git log pretty=oneline 

回退至上一个版本 windows环境下 git reset --hard HEAD"^"
#git reset --hard HEAD^

git log --pretty=oneline
git reset --hard id

查看执行过的命令历史
#git reflog

#git commit -m "" 用于提交暂存区文件
#git commit -am "" 用于提交跟踪过的所有文件


#git diff 查看工作区 同 暂存区文件区别
#git diff --cached 查看暂存区同本地库的区别
#git diff HEAD 工作区同本地库的区别（HEAD指本地库最新一次提交）

要跟历史版本中的代码作比较：
git diff HEAD^ 比较 workspace 与最新commit的前一次commit的差异（注意与git diff HEAD的差别） 
git diff HEAD~2 比较 workspace 与上2次提交的差异，相当于 git diff HEAD~2 HEAD~0，注意两个HEAD的位置，diff显示的结果表示 后一个(HEAD~0) 相对于 前一个的修改(HEAD~2) 
git diff HEAD~2 HEAD^ 比较上一次commit（即当前commit的前一次）与上上次commit之间的差异，HEAD^=HEAD^1=HEAD~1


git reset  --hard：彻底回退到某个版本，本地的源码也会变为上一个版本的内容
git push -f  强制推送本地分支至远程

#git checkout -b branchName 相当于
git branch branchName
git checkout branchName

------------------------------
通常我们提交git的时候都是

git add .
git commit -m "some str"
git push
这三大步，而实际上，你只需要两条命令就够了，除非有新的文件要被添加进去。

git commit -am "some str"
git push


1) 创建目录
$ mkdir test
$ cd test
2) 初始化
$ git init
3) 创建hello.md文件
$ echo "这是一次测试test ssh key" > hello.md
4) 提交到本地
若出现如上warning提示则重新提交一次即可。
$ git add .   #提交当前目录下所以文件
$ git commit -m "add hello.md"   #提交记录说明 
5) 提交到githube
$ git remote add origin ‘粘贴复制test ssh key的ssh路径’  #
$ git push -u origin master

=====================================
git 私秘钥管理
一、借助 TortoiseGit\bin目录下的pageant.exe 生成管理
通过 windows中自启动文件夹中 加入 pageant.exe快捷方式，并使用其快捷方式的目标 如 “C:\Program Files\TortoiseGit\bin\pageant.exe” “D:\key\1111.ppk” 传入私钥

二 命令方式
windows环境下
1、创建目录.ssh
cmd命令行方式创建文件夹mkdir .ssh 
私钥一定要存放当前用户根目录.ssh文件夹下
 一定要在当前用户根目录如下：C:\Users\fang_houjun\.ssh

在.ssh文件夹下创建config文件并增加如下配置内容
#github.com study.git
Host github.com
HostName github.com
PreferredAuthentications publickey    
User fanghoujun
IdentityFile /C/Users/fang_houjun/.ssh/id_rsa

#gitee.com hjapp_1.0.git
Host gitee.com
HostName gitee.com
PreferredAuthentications publickey    
User fanghoujun
IdentityFile /C/Users/fang_houjun/.ssh/id_gitee
则成功完成了访问不同远程库，使用不同私钥

2、生成公私钥
运行git-bash.exe 并执行
ssh-keygen -t rsa -C "邮箱名" -f /xxx/xx/id_rsa(文件存放目录)
生成文件至当前目录：ssh-keygen -t rsa -C "邮箱名" 

3、测试
ssh -T git@github.com 测试ssh连接github.com是否成功


创建远程分支
#git checkout -b v1
#git push -u origin v1 上传V1分支至远程库

列出分支情况
#git branch [-r|-a|-v] 获取分支情况 【远程，所有，提交版本信息】

删除本地分支
git branch -d 分支名称
git branch -D 删除本地分支（不merge分支直接丢掉）
删除本地远程分支
git branch -r -d origin/分支名称

远程删除git服务器上的分支
git push origin -d 分支名称

创建并切换分支
git checkout -b branchName

将分支合并入当前分支
git merge 分支名称  

git branch -d 分支名称
git branch -r -d origin/分支名称

====================================
git push origin 分支名称 -d 远程删除git服务上的分支 
git branch -r -d origin/分支名称 删除本地远程分支
git push origin 分支名称 -u 创建分支至服务器

---------------------------------------
git 合并两个分支
1、git clone git远程地址
2、git checkout -b dev origin/dev 本地建立一个与远程版本相同的分支
3、git checkout master 切回master
4、git merge dev 把本地dev库合并入master
5、git push origin master 把本地master同步至远程
6、不需要远程dev分支库时,执行如下删除
git push origin 分支名 -d 
git branch -r -d 分支名称（删除本地远程分支）

------------------------------------------------------
查看GIT历史
git log --pretty=oneline --graph

======================================================
取消当前所有文件修改（相对于暂存区）
git checkout -- . 或 git checkout .

--------------------------------------


git remote add 代称 仓库地址
git push 代称 分支
git remote -v 可以查看本地仓库现在连接了那个远程仓库。

git remote add origin +复制的内容”，就是给本地仓库增加一个远程仓库，刚刚复制的内容就是远程仓库的地址。可以理解为origin是后边一长串仓库地址的代号

例如：
如何将本地仓库连接到多个远程仓库
1.进入本地仓库目录
git remote add origin https://github.com/hjapp/t.git
git remote add coding https://git.coding.net/hjapp/test.git

2.查看本地库现在已创建的远程仓库
git remote -v

3.将本地库push至远程(git push 代称 分支)
git push origin master
git push coding master

==========================================
克隆指定分支代码：
git clone -b 分支名 http://xxx.git


git branch -d 分支名称  //删除本地分支
git push origin --delete 分支名称  //删除远程分支
或者
git push origin -d 分支名 //删除远程分支

删除分支后，更新查看
git remote prune origin

查看所有分支情况：
git remote show origin
=======================================
1、推送标签：
git push origin 标签名 

2、删除本地标签：
git tag -d 标签名 

3、删除远程标签：
git push origin :refs/tags/标签名 
例：git push origin :refs/tags/V3.0.1-Release

强制创建一个基于指定的tag的分支
git checkout -B test v0.1.0 

4、其他本地操作

打标签 ：git tag -a V3.0.1-Release -m "Tagging version 3.0.1-Release?" 
删除本地仓库标签 ：git tag -d V3.0.1-Release 
列出标签：git tag
--------------------- 
git放弃本地修改
1)git checkout .  放弃本地所有修改(未git add操作)
2)git checkout -- filename 放弃单个指定文件修改

3)git reset HEAD . 放弃所有修改（已经git add操作，恢复至未git add前操作）
4)git reset HEAD filename 放弃指定文件修改

5)git reset --hard HEAD^ (恢复至git commit 前一个版本)
6)git reset --hard filename (恢复指定文件至上一次commit版本)

===========================================================
git tag 打标签
1)git tag tagname
2)git tag -a tagname -m "tag desc"
3)git tag -d tagname  //删除本地标签
3)git tag   //查看当前所有标签
4)git push origin tagname  //推送本地标签至远端
5)git push origin --tags   //推送本地所有标签至远端
6)git push origin --delete tagname //删除远端标签

7)git checkout [tagname]  //切换至tagname对应分支
对之前某次提交补打标签tag
8)git tag -a tagname commitId



-----------------
git 基于某个分支创建分支
1、拷贝源代码
git clone git@git地址
cd 项目目录
2、根据已有分支创建新的分支
git checkout -b yourbranchname origin/oldbranchname
3、推送到git
git push origin yourbranchname -u
=================================================
git 基于TAG标签创建分支
git branch 分支名 tagName
例如:git branch newbranch vtest.1.0.FINAL 会以tag vtest.1.0.FINAL创建新的分支newbranch;
---------------------------------------------------------------
git 基于指定提交commit创建分支
git checkout -b 分支名 commitId //基于commitId创建分支名分支，并切换至该分支
如：
git log --pretty=oneline [--graph]
git checkout -b branchName 12313

=========================================================
git tag 使用方法：
1.git tag v1.0  //给当前分支打一个v1.0的标签TAG
2.git tag  //查看所有已存在的标签
3.git tag tagname commitId   //对指定的commitId进行打标
4.git show tagname //查看tag信息
5.git tag -a v1.0 -m "测试标签" [commitId] //打标 -a指定tagname,-m指定TAG描述信息 指定commitId则对指定提交进行打标
6.git tag -d v1.0 //删除本地标签
7.git push origin tagname
8.git push origin --tags  //推送本地所有标签
9.git push origin 源tagname:目的tagname  //如 git push origin :tagname 则是删除远程标签tagname


git push origin tagname -d //删除远程tag
git tag tagname -d //删除本地分支

git branch branchName -d //删除本地分支
git push origin branchName -d //删除远程分支

==================================================
git bash 中文显示转义符解决方法
$ git config --global core.quotepath false


1、切换远程仓库地址：
方式一：修改远程仓库地址

【git remote set-url origin URL】 更换远程仓库地址，URL为新地址。

方式二：先删除远程仓库地址，然后再添加

【git remote rm origin】 删除现有远程仓库 
【git remote add origin url】添加新远程仓库

2、【git remote -v 】查看远程仓库的地址
--------------------- 
设置提交忽略换行回车配置

git config --global core.autocrlf false
git config --global core.whitespace cr-at-eol
git config --global core.filemode false

==============================================
git bash
cd ~ //是跳转到当前用户的家目录

设计git的全局用户名及邮箱
git config --global user.name “用户名”
git config --global user.email “邮箱”


cd ~/.ssh  //切换进入当前用户.ssh文件夹
ssh-keygen -t rsa -C "fanghoujun@126.com" (-f ~/.ssh/github_id_rsa)
cat ~/.ssh/github_id_rsa.pub  //查看生成的公钥

在~/.ssh目录下创建config文件设置多个git仓库方式如下：
cat ~/.ssh/config  //查看config配置如下：
# gitee
Host gitee.com
HostName gitee.com
PreferredAuthentications publickey
IdentityFile ~/.ssh/gitee_id_rsa

# github
Host github.com
HostName github.com
PreferredAuthentications publickey
IdentityFile ~/.ssh/github_id_rsa

ssh -T git@github.com   //测试连接情况
================================================================
git add .
git commit -m "some str"
git push

可以合成如下：
git commit -am "some str"
git push

==============================================
列出两个版本差异：
git diff --name-status v1.3.5_1 v1.4.2_2   //--name-status 仅显示已更改文件的名称和状态

查看提交记录
git log  //查看提交记录
git log --pretty=oneline //美化提交信息输出
git log --stat //查看提交文件增减情况
git log -p //查看所有提交详情
git log -p -n //查看最近n次提交的修改
git show commit_id  //查看commit内容
git show commitId fileName  //查看指定commit提交中的fileName文件修改详情
 
-------------------------------------------------------------------------
git diff commitId --name-status   //查看某次提交记录增删改文件信息
git log -p -n

在某个分支下执行：
git log //查看提交信息commitID

git checkout master  //切换当前分支至master
git cherry-pick 7fcb3defff  //将之前某个分支的某次commitID对应提交合并至当前master分支
git push  //交本地合并推送至远端
============================================
1.  git  remote update origin --prune       更新本地分支列表与远程一致

2.  git branch    查看本地分支，是否已经更新出分支branch-two  （此步可以省略）

3.  git checkout branch-two  切换到分支branch-two

4.  git merge branch-one  合并branch-one到当前分支branch-two上，该解决冲突的解决冲突

5.  git push    更新到远程 （如果有需要的话）

--------------------------------------------------
Git撤销已经推送(push)至远端仓库的提交(commit)信息
1.git log //获取commitID
2.git reset --soft commitId  //重置至指定版本的提交，达到撤销提交的目的(参数soft指的是：保留当前工作区，以便重新提交;还可以选择参数hard，会撤销相应工作区的修改，一定要谨慎使用)
3.git push origin master Cforce  //必须添加参数force进行强制提交，否则会提交失败，并报错：报错原因：本地项目版本号低于远端仓库版本号。


===================================================
GIT关联远程仓库
git init
git remote add origin http://xxx.git
git pull
git checkout master  //不操作可能看不到pull下来的代码


查看远程仓库：$ git remote -v
添加远程仓库：$ git remote add [name] [url]
删除远程仓库：$ git remote rm [name]
git branch -r -d origin/分支名称



git remote rm origin
git remote add origin git@52.82.8.87:iot3.0-service/test.git
git push -u origin


git clone git_仓库_url 获取全部branch内容，整体下载时间较长 & 所占磁盘空间较大
git clone -b git_分支名称 git_仓库_url 根上述 1. 结果一致
git clone -b git_分支名称 --single--branch git_仓库_url 获取指定分支的代码
git clone --depth 10 git_仓库_url 只会获取最近 xx（10条提交记录的）代码，默认是master分支， 如果想要指定分支，可以结合 -b --single--branch 使用！

克隆指定tag的代码
git clone --branch [tags标签] [git地址]

克隆指定分支的代码
git clone -b 分支名称 git地址

----------------------------------------------------------------
git clone整个仓库后使用，以下命令就可以取得该 tag?对应的代码了

git checkout tag_name
但是，这时候git可能会提示你当前处于一个“detached?HEAD"状态。

因为tag相当于是一个快照，是不能更改它的代码的。

如果要在tag代码的基础上做修改，你需要一个分支：

git checkout -b branch_name tag_name
这样会从tag创建一个分支，然后就和普通的git操作一样了。

================================================================
pull request:  请求拉取（fork了别人的分支本地修改提交仓库后，通过pull request 请求被fork的仓库管理员pull自己的相关修改）

另一种方法是为 PR 创建一个远程分支，追踪提交者的仓库。
# 创建远程仓库，指向 PR 提交者的仓库
$ git remote add nullin git://github.com/nullin/testng.git

# 从该远程仓库拉取代码
$ git fetch nullin

# 将该仓库的某个分支合并到当前分支
$ git merge kneath/error-page

# 推送到自己的仓库
$ git push origin master


cherry-pick
有时，PR 里面包含好几个 commit，但是你只想合并其中的一个或几个。

这时可以使用cherry-pick命令，挑出你感兴趣的 commit。

# 建立远程分支，追踪提交者的仓库
$ git remote add nullin git://github.com/nullin/testng.git

# 从该远程仓库拉取代码
$ git fetch nullin

# 只将感兴趣的 commit 加入当前代码
$ git cherry-pick commit1
$ git cherry-pick commit2

# 推送到自己的仓库
$ git push origin master
